Microchip MPLAB XC8 Compiler V2.00 ()

Linker command line:

-W-3 --edf=C:\Program Files (x86)\Microchip\xc8\v2.00\pic\dat\en_msgs.txt \
  -cs -h+dist/XC8_PIC16F630/debug\module8.X.debug.sym \
  --cmf=dist/XC8_PIC16F630/debug\module8.X.debug.cmf -z -Q16F630 \
  -oC:\Users\abaker\AppData\Local\Temp\se9s.2 --defsym=__MPLAB_BUILD=1 \
  -Mdist/XC8_PIC16F630/debug/module8.X.debug.map -E1 -ver=XC8 --acfsm=1493 \
  -ASTACK=028h-05dh -pstack=STACK -ACODE=00h-03FEh -ASTRCODE=00h-03FEh \
  -ASTRING=00h-0FFhx3,0300h-03FEh -ACONST=00h-0FFhx3,0300h-03FEh \
  -AENTRY=00h-0FFhx3,0300h-03FEh -ABANK0=020h-05Dh -ARAM=020h-05Dh \
  -AABS1=020h-05Fh -ACOMMON=05Eh-05Fh -ASFR0=00h-01Fh -ASFR1=080h-0DDh \
  -preset_vec=00h,intentry=04h,init,end_init -ppowerup=CODE -pcinit=CODE \
  -pfunctab=ENTRY -ACONFIG=02007h-02007h -pconfig=CONFIG -DCONFIG=2 \
  -AIDLOC=02000h-02003h -pidloc=IDLOC -DIDLOC=2 -AEEDATA=00h-07Fh/02100h \
  -peeprom_data=EEDATA -DEEDATA=2 -posccal=03FFh -DCODE=2 -DSTRCODE=2 \
  -DSTRING=2 -DCONST=2 -DENTRY=2 -k \
  C:\Users\abaker\AppData\Local\Temp\se9s.o \
  dist/XC8_PIC16F630/debug\module8.X.debug.o 

Object code version is 3.11

Machine type is 16F630



                Name                               Link     Load   Length Selector   Space Scale
C:\Users\abaker\AppData\Local\Temp\se9s.o
                end_init                              F        F        5        8       0
                reset_vec                             0        0        1        0       0
                config                             2007     2007        1     400E       0
dist/XC8_PIC16F630/debug\module8.X.debug.o
                cinit                                14       14        5        8       0
                intentry                              4        4        B        8       0
                text5                                19       19       3C        8       0
                text4                                55       55       1F        8       0
                text3                                74       74       13        8       0
                text2                                9B       9B        A      122       0
                text1                                91       91        A      122       0
                maintext                             A5       A5        7      122       0
                cstackBANK0                          20       20        6       20       1
                bssBANK0                             26       26        2       20       1
                strings                              87       87        A      10E       0

TOTAL           Name                               Link     Load   Length     Space
        CLASS   STACK          

        CLASS   CODE           
                end_init                              F        F        5         0
                cinit                                14       14        5         0
                intentry                              4        4        B         0
                reset_vec                             0        0        1         0
                text5                                19       19       3C         0
                text4                                55       55       1F         0
                text3                                74       74       13         0
                text2                                9B       9B        A         0
                text1                                91       91        A         0
                maintext                             A5       A5        7         0

        CLASS   STRCODE        

        CLASS   STRING         
                strings                              87       87        A         0

        CLASS   CONST          

        CLASS   ENTRY          

        CLASS   BANK0          
                cstackBANK0                          20       20        6         1
                bssBANK0                             26       26        2         1

        CLASS   RAM            

        CLASS   ABS1           
                abs_s1                               5E       5E        2         1

        CLASS   COMMON         

        CLASS   SFR0           

        CLASS   SFR1           

        CLASS   CONFIG         
                config                             2007     2007        1         0

        CLASS   IDLOC          

        CLASS   EEDATA         

        CLASS   BANK1          



SEGMENTS        Name                           Load    Length   Top    Selector   Space  Class     Delta

                reset_vec                      000000  000001  000001         0       0  CODE        2
                intentry                       000004  000083  000087         8       0  CODE        2
                cstackBANK0                    000020  000008  000028        20       1  BANK0       1
                strings                        000087  00000A  000091       10E       0  STRING      2
                text1                          000091  00001B  0000AC       122       0  CODE        2
                config                         002007  000001  002008      400E       0  CONFIG      2


UNUSED ADDRESS RANGES

        Name                Unused          Largest block    Delta
        BANK0            0028-005D             36           1
        CODE             0001-0003              3           2
                         00AC-03FE            353
        CONST            0001-0003              3           2
                         00AC-03FE            100
        EEDATA           2100-217F             80           2
        ENTRY            0001-0003              3           2
                         00AC-03FE            100
        IDLOC            2000-2003              4           2
        RAM              0028-005D             36           1
        SFR0             0000-001F             20           1
        SFR1             0080-00DD             5E           1
        STACK            0028-005D             36           1
        STRCODE          0001-0003              3           2
                         00AC-03FE            353
        STRING           0001-0003              3           2
                         00AC-03FE            100

                                  Symbol Table

SequenceUpdate@Sequence         strings      008D
SequenceUpdate@SequenceIndex    bssBANK0     0026
SequenceUpdate@TimeCount        bssBANK0     0027
SetLamps@Lamps                  cstackBANK0  0020
_ConfigureOscillator            text2        009B
_INTCONbits                     (abs)        000B
_InitApp                        text1        0091
_OPTION_REGbits                 (abs)        0081
_RA1                            (abs)        0029
_RA2                            (abs)        002A
_RC0                            (abs)        0038
_RC1                            (abs)        0039
_RC2                            (abs)        003A
_RC3                            (abs)        003B
_RC4                            (abs)        003C
_RC5                            (abs)        003D
_SequenceUpdate                 text4        0055
_SetLamps                       text5        0019
_TMR0                           (abs)        0001
_TRISAbits                      (abs)        0085
_TRISCbits                      (abs)        0087
__CFG_BOREN$ON                  (abs)        0000
__CFG_CP$OFF                    (abs)        0000
__CFG_CPD$OFF                   (abs)        0000
__CFG_FOSC$INTRCIO              (abs)        0000
__CFG_MCLRE$OFF                 (abs)        0000
__CFG_PWRTE$OFF                 (abs)        0000
__CFG_WDTE$OFF                  (abs)        0000
__Habs1                         abs1         07FE
__Hbank0                        bank0        07FE
__Hbank1                        bank1        07FE
__HbssBANK0                     bssBANK0     07FE
__Hcinit                        cinit        0019
__Hclrtext                      clrtext      07FE
__Hcode                         code         07FE
__Hcommon                       common       07FE
__Hconfig                       config       2008
__HcstackBANK0                  cstackBANK0  07FE
__HcstackCOMMON                 cstackCOMMON 07FE
__Heeprom_data                  eeprom_data  0000
__Hend_init                     end_init     0014
__Hfunctab                      functab      0000
__Hidloc                        idloc        0000
__Hinit                         init         000F
__Hintentry                     intentry     000F
__Hmaintext                     maintext     07FE
__Hosccal                       osccal       03FF
__Hpowerup                      powerup      0000
__Hram                          ram          07FE
__Hreset_vec                    reset_vec    0001
__Hsfr0                         sfr0         07FE
__Hsfr1                         sfr1         07FE
__Hspace_0                      (abs)        2008
__Hspace_1                      (abs)        07FE
__Hspace_2                      (abs)        0000
__Hspace_3                      (abs)        0000
__Hstack                        stack        0000
__Hstrings                      strings      07FE
__Htext                         text         07FE
__Labs1                         abs1         07FE
__Lbank0                        bank0        07FE
__Lbank1                        bank1        07FE
__LbssBANK0                     bssBANK0     07FE
__Lcinit                        cinit        0014
__Lclrtext                      clrtext      07FE
__Lcode                         code         07FE
__Lcommon                       common       07FE
__Lconfig                       config       2007
__LcstackBANK0                  cstackBANK0  07FE
__LcstackCOMMON                 cstackCOMMON 07FE
__Leeprom_data                  eeprom_data  0000
__Lend_init                     end_init     000F
__Lfunctab                      functab      0000
__Lidloc                        idloc        0000
__Linit                         init         000F
__Lintentry                     intentry     0004
__Lmaintext                     maintext     07FE
__Losccal                       osccal       03FF
__Lpowerup                      powerup      0000
__Lram                          ram          07FE
__Lreset_vec                    reset_vec    0000
__Lsfr0                         sfr0         07FE
__Lsfr1                         sfr1         07FE
__Lspace_0                      (abs)        0000
__Lspace_1                      (abs)        0000
__Lspace_2                      (abs)        0000
__Lspace_3                      (abs)        0000
__Lstack                        stack        0000
__Lstrings                      strings      07FE
__Ltext                         text         07FE
__S0                            (abs)        2008
__S1                            (abs)        0028
__S2                            (abs)        0000
__S3                            (abs)        0000
___int_sp                       stack        0000
___latbits                      (abs)        0000
___osccal_val                   osccal       03FF
___sp                           stack        0000
__end_ofSequenceUpdate@Sequence strings      0091
__end_of_ConfigureOscillator    text2        00A5
__end_of_InitApp                text1        009B
__end_of_SequenceUpdate         text4        0074
__end_of_SetLamps               text5        0055
__end_of__initialization        cinit        0017
__end_of__stringtab             strings      008D
__end_of_isr                    text3        0087
__end_of_main                   maintext     00AC
__initialization                cinit        0014
__pbssBANK0                     bssBANK0     0026
__pcstackBANK0                  cstackBANK0  0020
__pcstackCOMMON                 cstackCOMMON 0000
__pintentry                     intentry     0004
__pmaintext                     maintext     00A5
__pstrings                      strings      0087
__ptext1                        text1        0091
__ptext2                        text2        009B
__ptext3                        text3        0074
__ptext4                        text4        0055
__ptext5                        text5        0019
__size_of_ConfigureOscillator   (abs)        0000
__size_of_InitApp               (abs)        0000
__size_of_SequenceUpdate        (abs)        0000
__size_of_SetLamps              (abs)        0000
__size_of_isr                   (abs)        0000
__size_of_main                  (abs)        0000
__stringbase                    strings      008C
__stringtab                     strings      0087
_isr                            text3        0074
_main                           maintext     00A5
btemp                           (abs)        005E
end_of_initialization           cinit        0017
interrupt_function              intentry     0004
intlevel0                       functab      0000
intlevel1                       functab      0000
intlevel2                       functab      0000
intlevel3                       functab      0000
intlevel4                       functab      0000
intlevel5                       functab      0000
reset_vec                       reset_vec    0000
saved_w                         (abs)        005E
stackhi                         (abs)        0000
stacklo                         (abs)        0000
start                           init         000F
start_initialization            cinit        0014
wtemp0                          (abs)        005E


FUNCTION INFORMATION:

 *************** function _main *****************
 Defined at:
		line 23 in file "main.c"
 Parameters:    Size  Location     Type
		None
 Auto vars:     Size  Location     Type
		None
 Return value:  Size  Location     Type
                  1    wreg      void 
 Registers used:
		wreg, status,2, status,0, pclath, cstack
 Tracked objects:
		On entry : 
		On exit  : 
		Unchanged: 
 Data sizes:     COMMON   BANK0
      Params:         0       0
      Locals:         0       0
      Temps:          0       0
      Totals:         0       0
Total ram usage:        0 bytes
 Hardware stack levels required when called:    4
 This function calls:
		_ConfigureOscillator
		_InitApp
		_SetLamps
 This function is called by:
		Startup code after reset
 This function uses a non-reentrant model


 *************** function _InitApp *****************
 Defined at:
		line 18 in file "user.c"
 Parameters:    Size  Location     Type
		None
 Auto vars:     Size  Location     Type
		None
 Return value:  Size  Location     Type
                  1    wreg      void 
 Registers used:
		None
 Tracked objects:
		On entry : 
		On exit  : 
		Unchanged: 
 Data sizes:     COMMON   BANK0
      Params:         0       0
      Locals:         0       0
      Temps:          0       0
      Totals:         0       0
Total ram usage:        0 bytes
 Hardware stack levels used:    1
 Hardware stack levels required when called:    3
 This function calls:
		Nothing
 This function is called by:
		_main
 This function uses a non-reentrant model


 *************** function _ConfigureOscillator *****************
 Defined at:
		line 16 in file "system.c"
 Parameters:    Size  Location     Type
		None
 Auto vars:     Size  Location     Type
		None
 Return value:  Size  Location     Type
                  1    wreg      void 
 Registers used:
		wreg, status,2, status,0
 Tracked objects:
		On entry : 
		On exit  : 
		Unchanged: 
 Data sizes:     COMMON   BANK0
      Params:         0       0
      Locals:         0       0
      Temps:          0       0
      Totals:         0       0
Total ram usage:        0 bytes
 Hardware stack levels used:    1
 Hardware stack levels required when called:    3
 This function calls:
		Nothing
 This function is called by:
		_main
 This function uses a non-reentrant model


 *************** function _isr *****************
 Defined at:
		line 12 in file "interrupts.c"
 Parameters:    Size  Location     Type
		None
 Auto vars:     Size  Location     Type
		None
 Return value:  Size  Location     Type
                  1    wreg      void 
 Registers used:
		wreg, fsr0l, fsr0h, status,2, status,0, pclath, cstack
 Tracked objects:
		On entry : 
		On exit  : 
		Unchanged: 
 Data sizes:     COMMON   BANK0
      Params:         0       0
      Locals:         0       0
      Temps:          0       4
      Totals:         0       4
Total ram usage:        4 bytes
 Hardware stack levels used:    1
 Hardware stack levels required when called:    2
 This function calls:
		_SequenceUpdate
 This function is called by:
		Interrupt level 1
 This function uses a non-reentrant model


 *************** function _SequenceUpdate *****************
 Defined at:
		line 85 in file "user.c"
 Parameters:    Size  Location     Type
		None
 Auto vars:     Size  Location     Type
		None
 Return value:  Size  Location     Type
                  1    wreg      void 
 Registers used:
		wreg, fsr0l, fsr0h, status,2, status,0, pclath, cstack
 Tracked objects:
		On entry : 
		On exit  : 
		Unchanged: 
 Data sizes:     COMMON   BANK0
      Params:         0       0
      Locals:         0       0
      Temps:          0       1
      Totals:         0       1
Total ram usage:        1 bytes
 Hardware stack levels used:    1
 Hardware stack levels required when called:    1
 This function calls:
		_SetLamps
 This function is called by:
		_isr
 This function uses a non-reentrant model


 *************** function _SetLamps *****************
 Defined at:
		line 41 in file "user.c"
 Parameters:    Size  Location     Type
  Lamps           1    wreg     unsigned char 
 Auto vars:     Size  Location     Type
  Lamps           1    0[BANK0 ] unsigned char 
 Return value:  Size  Location     Type
                  1    wreg      void 
 Registers used:
		wreg
 Tracked objects:
		On entry : 
		On exit  : 
		Unchanged: 
 Data sizes:     COMMON   BANK0
      Params:         0       0
      Locals:         0       0
      Temps:          0       0
      Totals:         0       0
Total ram usage:        0 bytes
 Hardware stack levels used:    1
 Hardware stack levels required when called:    3
 This function calls:
		Nothing
 This function is called by:
		_main
		_SequenceUpdate
 This function uses a non-reentrant model



MODULE INFORMATION

Module		Function		Class		Link	Load	Size
interrupts.c
		_isr           		CODE           	0074	0000	20

interrupts.c estimated size: 20

shared
		__stringtab    		STRING         	0087	0000	7
		__initialization		CODE           	0014	0000	4
		SequenceUpdate@Sequence		STRING         	008D	0000	5

shared estimated size: 16

user.c
		_InitApp       		CODE           	0091	0000	11
		_SequenceUpdate		CODE           	0055	0000	32
		_SetLamps      		CODE           	0019	0000	61

user.c estimated size: 104

main.c
		_main          		CODE           	00A5	0000	8

main.c estimated size: 8

system.c
		_ConfigureOscillator		CODE           	009B	0000	11

system.c estimated size: 11

