Microchip MPLAB XC8 Compiler V2.00 ()

Linker command line:

-W-3 --edf=C:\Program Files (x86)\Microchip\xc8\v2.00\pic\dat\en_msgs.txt \
  -cs -h+dist/ProdBuild/production\comms_module.X.production.sym \
  --cmf=dist/ProdBuild/production\comms_module.X.production.cmf -z -Q16F630 \
  -oC:\Users\abaker\AppData\Local\Temp\sm8g.2 --defsym=__MPLAB_BUILD=1 \
  -Mdist/ProdBuild/production/comms_module.X.production.map -E1 -ver=XC8 \
  --acfsm=1493 -ASTACK=037h-05dh -pstack=STACK -ACODE=00h-03FEh \
  -ASTRCODE=00h-03FEh -ASTRING=00h-0FFhx3,0300h-03FEh \
  -ACONST=00h-0FFhx3,0300h-03FEh -AENTRY=00h-0FFhx3,0300h-03FEh \
  -ABANK0=020h-05Dh -ARAM=020h-05Dh -AABS1=020h-05Fh -ACOMMON=05Eh-05Fh \
  -ASFR0=00h-01Fh -ASFR1=080h-0DDh \
  -preset_vec=00h,intentry=04h,init,end_init -ppowerup=CODE -pcinit=CODE \
  -pfunctab=ENTRY -ACONFIG=02007h-02007h -pconfig=CONFIG -DCONFIG=2 \
  -AIDLOC=02000h-02003h -pidloc=IDLOC -DIDLOC=2 -AEEDATA=00h-07Fh/02100h \
  -peeprom_data=EEDATA -DEEDATA=2 -posccal=03FFh -DCODE=2 -DSTRCODE=2 \
  -DSTRING=2 -DCONST=2 -DENTRY=2 -k \
  C:\Users\abaker\AppData\Local\Temp\sm8g.o \
  dist/ProdBuild/production\comms_module.X.production.o 

Object code version is 3.11

Machine type is 16F630



                Name                               Link     Load   Length Selector   Space Scale
C:\Users\abaker\AppData\Local\Temp\sm8g.o
                end_init                              B        B        1        8       0
                reset_vec                             0        0        1        0       0
                config                             2007     2007        1     400E       0
dist/ProdBuild/production\comms_module.X.production.o
                cinit                                 C        C        7        8       0
                intentry                              4        4        7        8       0
                text8                               179      179        B        8       0
                text7                               18C      18C        7        8       0
                text6                               15E      15E       1B        8       0
                text5                                EF       EF       35        8       0
                text4                               141      141       1D        8       0
                text3                               193      193        6        8       0
                text2                               124      124       1D        8       0
                text1                                B0       B0       3F        8       0
                maintext                             13       13       9D        8       0
                cstackBANK0                          2C       2C        B       20       1
                clrtext                             184      184        8        8       0
                bssBANK0                             20       20        C       20       1

TOTAL           Name                               Link     Load   Length     Space
        CLASS   STACK          

        CLASS   CODE           
                end_init                              B        B        1         0
                cinit                                 C        C        7         0
                intentry                              4        4        7         0
                reset_vec                             0        0        1         0
                text8                               179      179        B         0
                text7                               18C      18C        7         0
                text6                               15E      15E       1B         0
                text5                                EF       EF       35         0
                text4                               141      141       1D         0
                text3                               193      193        6         0
                text2                               124      124       1D         0
                text1                                B0       B0       3F         0
                maintext                             13       13       9D         0
                clrtext                             184      184        8         0

        CLASS   STRCODE        

        CLASS   STRING         

        CLASS   CONST          

        CLASS   ENTRY          

        CLASS   BANK0          
                cstackBANK0                          2C       2C        B         1
                bssBANK0                             20       20        C         1

        CLASS   RAM            

        CLASS   ABS1           
                abs_s1                               5E       5E        2         1

        CLASS   COMMON         

        CLASS   SFR0           

        CLASS   SFR1           

        CLASS   CONFIG         
                config                             2007     2007        1         0

        CLASS   IDLOC          

        CLASS   EEDATA         

        CLASS   BANK1          



SEGMENTS        Name                           Load    Length   Top    Selector   Space  Class     Delta

                reset_vec                      000000  000001  000001         0       0  CODE        2
                intentry                       000004  000195  000199         8       0  CODE        2
                bssBANK0                       000020  000017  000037        20       1  BANK0       1
                config                         002007  000001  002008      400E       0  CONFIG      2


UNUSED ADDRESS RANGES

        Name                Unused          Largest block    Delta
        BANK0            0037-005D             27           1
        CODE             0001-0003              3           2
                         0199-03FE            266
        CONST            0001-0003              3           2
                         0199-03FE            100
        EEDATA           2100-217F             80           2
        ENTRY            0001-0003              3           2
                         0199-03FE            100
        IDLOC            2000-2003              4           2
        RAM              0037-005D             27           1
        SFR0             0000-001F             20           1
        SFR1             0080-00DD             5E           1
        STACK            0037-005D             27           1
        STRCODE          0001-0003              3           2
                         0199-03FE            266
        STRING           0001-0003              3           2
                         0199-03FE            100

                                  Symbol Table

BitDataInit@IntEnable    cstackBANK0  002D
BitDataInit@ModeTx       cstackBANK0  002C
StartTickTimer@ReSync    cstackBANK0  002F
UARTSend@DataValue       cstackBANK0  0034
UARTSend@i               cstackBANK0  0035
_Addressed               bssBANK0     0022
_BitCount                bssBANK0     0027
_BitDataInit             text6        015E
_BitIntr                 text8        0179
_BoxSize                 bssBANK0     0026
_CMCON                   (abs)        0019
_DataState               bssBANK0     0021
_DoneSend                bssBANK0     0024
_EdgeDetect              bssBANK0     0020
_EdgeIntr                text7        018C
_INTCONbits              (abs)        000B
_ISR                     text4        0141
_Initialise              text2        0124
_IntrData                bssBANK0     0029
_IntrNewBit              bssBANK0     002B
_Lamps                   bssBANK0     0025
_OPTION_REGbits          (abs)        0081
_OneWireMode             bssBANK0     0023
_PIE1bits                (abs)        008C
_PIR1bits                (abs)        000C
_RA0                     (abs)        0028
_RA2                     (abs)        002A
_RC1                     (abs)        0039
_RxData                  bssBANK0     002A
_StartTickTimer          text5        00EF
_T1CONbits               (abs)        0010
_TMR0                    (abs)        0001
_TMR1H                   (abs)        000F
_TMR1L                   (abs)        000E
_TRISA                   (abs)        0085
_TRISAbits               (abs)        0085
_TRISC                   (abs)        0087
_TickCount               bssBANK0     0028
_UARTInit                text3        0193
_UARTSend                text1        00B0
__CFG_BOREN$OFF          (abs)        0000
__CFG_CP$OFF             (abs)        0000
__CFG_CPD$OFF            (abs)        0000
__CFG_FOSC$EC            (abs)        0000
__CFG_MCLRE$OFF          (abs)        0000
__CFG_PWRTE$OFF          (abs)        0000
__CFG_WDTE$OFF           (abs)        0000
__Habs1                  abs1         07FE
__Hbank0                 bank0        07FE
__Hbank1                 bank1        07FE
__HbssBANK0              bssBANK0     07FE
__Hcinit                 cinit        0013
__Hclrtext               clrtext      07FE
__Hcode                  code         07FE
__Hcommon                common       07FE
__Hconfig                config       2008
__HcstackBANK0           cstackBANK0  07FE
__HcstackCOMMON          cstackCOMMON 07FE
__Heeprom_data           eeprom_data  0000
__Hend_init              end_init     000C
__Hfunctab               functab      0000
__Hidloc                 idloc        0000
__Hinit                  init         000B
__Hintentry              intentry     000B
__Hmaintext              maintext     07FE
__Hosccal                osccal       03FF
__Hpowerup               powerup      0000
__Hram                   ram          07FE
__Hreset_vec             reset_vec    0001
__Hsfr0                  sfr0         07FE
__Hsfr1                  sfr1         07FE
__Hspace_0               (abs)        2008
__Hspace_1               (abs)        07FE
__Hspace_2               (abs)        0000
__Hspace_3               (abs)        0000
__Hstack                 stack        0000
__Hstrings               strings      07FE
__Htext                  text         07FE
__Labs1                  abs1         07FE
__Lbank0                 bank0        07FE
__Lbank1                 bank1        07FE
__LbssBANK0              bssBANK0     07FE
__Lcinit                 cinit        000C
__Lclrtext               clrtext      07FE
__Lcode                  code         07FE
__Lcommon                common       07FE
__Lconfig                config       2007
__LcstackBANK0           cstackBANK0  07FE
__LcstackCOMMON          cstackCOMMON 07FE
__Leeprom_data           eeprom_data  0000
__Lend_init              end_init     000B
__Lfunctab               functab      0000
__Lidloc                 idloc        0000
__Linit                  init         000B
__Lintentry              intentry     0004
__Lmaintext              maintext     07FE
__Losccal                osccal       03FF
__Lpowerup               powerup      0000
__Lram                   ram          07FE
__Lreset_vec             reset_vec    0000
__Lsfr0                  sfr0         07FE
__Lsfr1                  sfr1         07FE
__Lspace_0               (abs)        0000
__Lspace_1               (abs)        0000
__Lspace_2               (abs)        0000
__Lspace_3               (abs)        0000
__Lstack                 stack        0000
__Lstrings               strings      07FE
__Ltext                  text         07FE
__S0                     (abs)        2008
__S1                     (abs)        0037
__S2                     (abs)        0000
__S3                     (abs)        0000
___int_sp                stack        0000
___latbits               (abs)        0000
___osccal_val            osccal       03FF
___sp                    stack        0000
__end_of_BitDataInit     text6        0179
__end_of_BitIntr         text8        0184
__end_of_EdgeIntr        text7        0193
__end_of_ISR             text4        015E
__end_of_Initialise      text2        0141
__end_of_StartTickTimer  text5        0124
__end_of_UARTInit        text3        0199
__end_of_UARTSend        text1        00EF
__end_of__initialization cinit        0011
__end_of_main            maintext     00B0
__initialization         cinit        000C
__pbssBANK0              bssBANK0     0020
__pcstackBANK0           cstackBANK0  002C
__pcstackCOMMON          cstackCOMMON 0000
__pintentry              intentry     0004
__pmaintext              maintext     0013
__ptext1                 text1        00B0
__ptext2                 text2        0124
__ptext3                 text3        0193
__ptext4                 text4        0141
__ptext5                 text5        00EF
__ptext6                 text6        015E
__ptext7                 text7        018C
__ptext8                 text8        0179
__size_of_BitDataInit    (abs)        0000
__size_of_BitIntr        (abs)        0000
__size_of_EdgeIntr       (abs)        0000
__size_of_ISR            (abs)        0000
__size_of_Initialise     (abs)        0000
__size_of_StartTickTimer (abs)        0000
__size_of_UARTInit       (abs)        0000
__size_of_UARTSend       (abs)        0000
__size_of_main           (abs)        0000
_main                    maintext     0013
btemp                    (abs)        005E
clear_ram0               clrtext      0184
end_of_initialization    cinit        0011
interrupt_function       intentry     0004
intlevel0                functab      0000
intlevel1                functab      0000
intlevel2                functab      0000
intlevel3                functab      0000
intlevel4                functab      0000
intlevel5                functab      0000
reset_vec                reset_vec    0000
saved_w                  (abs)        005E
stackhi                  (abs)        0000
stacklo                  (abs)        0000
start                    init         000B
start_initialization     cinit        000C
wtemp0                   (abs)        005E


FUNCTION INFORMATION:

 *************** function _main *****************
 Defined at:
		line 75 in file "main.c"
 Parameters:    Size  Location     Type
		None
 Auto vars:     Size  Location     Type
		None
 Return value:  Size  Location     Type
                  1    wreg      void 
 Registers used:
		wreg, status,2, status,0, pclath, cstack
 Tracked objects:
		On entry : 
		On exit  : 
		Unchanged: 
 Data sizes:     COMMON   BANK0
      Params:         0       0
      Locals:         0       0
      Temps:          0       1
      Totals:         0       1
Total ram usage:        1 bytes
 Hardware stack levels required when called:    5
 This function calls:
		_BitDataInit
		_Initialise
		_StartTickTimer
		_UARTSend
 This function is called by:
		Startup code after reset
 This function uses a non-reentrant model


 *************** function _UARTSend *****************
 Defined at:
		line 96 in file "user.c"
 Parameters:    Size  Location     Type
  DataValue       1    wreg     unsigned char 
 Auto vars:     Size  Location     Type
  DataValue       1    8[BANK0 ] unsigned char 
  i               1    9[BANK0 ] unsigned char 
 Return value:  Size  Location     Type
                  1    wreg      void 
 Registers used:
		wreg, status,2, status,0
 Tracked objects:
		On entry : 
		On exit  : 
		Unchanged: 
 Data sizes:     COMMON   BANK0
      Params:         0       0
      Locals:         0       2
      Temps:          0       2
      Totals:         0       4
Total ram usage:        4 bytes
 Hardware stack levels used:    1
 Hardware stack levels required when called:    3
 This function calls:
		Nothing
 This function is called by:
		_main
 This function uses a non-reentrant model


 *************** function _Initialise *****************
 Defined at:
		line 14 in file "system.c"
 Parameters:    Size  Location     Type
		None
 Auto vars:     Size  Location     Type
		None
 Return value:  Size  Location     Type
                  1    wreg      void 
 Registers used:
		wreg, status,2, status,0, pclath, cstack
 Tracked objects:
		On entry : 
		On exit  : 
		Unchanged: 
 Data sizes:     COMMON   BANK0
      Params:         0       0
      Locals:         0       0
      Temps:          0       0
      Totals:         0       0
Total ram usage:        0 bytes
 Hardware stack levels used:    1
 Hardware stack levels required when called:    4
 This function calls:
		_UARTInit
 This function is called by:
		_main
 This function uses a non-reentrant model


 *************** function _UARTInit *****************
 Defined at:
		line 86 in file "user.c"
 Parameters:    Size  Location     Type
		None
 Auto vars:     Size  Location     Type
		None
 Return value:  Size  Location     Type
                  1    wreg      void 
 Registers used:
		None
 Tracked objects:
		On entry : 
		On exit  : 
		Unchanged: 
 Data sizes:     COMMON   BANK0
      Params:         0       0
      Locals:         0       0
      Temps:          0       0
      Totals:         0       0
Total ram usage:        0 bytes
 Hardware stack levels used:    1
 Hardware stack levels required when called:    3
 This function calls:
		Nothing
 This function is called by:
		_Initialise
 This function uses a non-reentrant model


 *************** function _ISR *****************
 Defined at:
		line 15 in file "interrupts.c"
 Parameters:    Size  Location     Type
		None
 Auto vars:     Size  Location     Type
		None
 Return value:  Size  Location     Type
                  1    wreg      void 
 Registers used:
		wreg, status,2, status,0, pclath, cstack
 Tracked objects:
		On entry : 
		On exit  : 
		Unchanged: 
 Data sizes:     COMMON   BANK0
      Params:         0       0
      Locals:         0       0
      Temps:          0       2
      Totals:         0       2
Total ram usage:        2 bytes
 Hardware stack levels used:    1
 Hardware stack levels required when called:    2
 This function calls:
		_BitIntr
		_EdgeIntr
		_StartTickTimer
 This function is called by:
		Interrupt level 1
 This function uses a non-reentrant model


 *************** function _StartTickTimer *****************
 Defined at:
		line 22 in file "user.c"
 Parameters:    Size  Location     Type
  ReSync          1    wreg     unsigned char 
 Auto vars:     Size  Location     Type
  ReSync          1    3[BANK0 ] unsigned char 
 Return value:  Size  Location     Type
                  1    wreg      void 
 Registers used:
		wreg, status,2, status,0, pclath, cstack
 Tracked objects:
		On entry : 
		On exit  : 
		Unchanged: 
 Data sizes:     COMMON   BANK0
      Params:         0       0
      Locals:         0       0
      Temps:          0       0
      Totals:         0       0
Total ram usage:        0 bytes
 Hardware stack levels used:    1
 Hardware stack levels required when called:    4
 This function calls:
		_BitDataInit
 This function is called by:
		_main
		_ISR
 This function uses a non-reentrant model


 *************** function _BitDataInit *****************
 Defined at:
		line 41 in file "main.c"
 Parameters:    Size  Location     Type
  ModeTx          1    wreg     unsigned char 
 Auto vars:     Size  Location     Type
  ModeTx          1    0[BANK0 ] unsigned char 
  IntEnable       1    1[BANK0 ] unsigned char 
 Return value:  Size  Location     Type
                  1    wreg      void 
 Registers used:
		wreg, status,2, status,0
 Tracked objects:
		On entry : 
		On exit  : 
		Unchanged: 
 Data sizes:     COMMON   BANK0
      Params:         0       0
      Locals:         0       0
      Temps:          0       0
      Totals:         0       0
Total ram usage:        0 bytes
 Hardware stack levels used:    1
 Hardware stack levels required when called:    3
 This function calls:
		Nothing
 This function is called by:
		_main
		_StartTickTimer
 This function uses a non-reentrant model


 *************** function _EdgeIntr *****************
 Defined at:
		line 57 in file "user.c"
 Parameters:    Size  Location     Type
		None
 Auto vars:     Size  Location     Type
		None
 Return value:  Size  Location     Type
                  1    wreg      void 
 Registers used:
		wreg, status,2
 Tracked objects:
		On entry : 
		On exit  : 
		Unchanged: 
 Data sizes:     COMMON   BANK0
      Params:         0       0
      Locals:         0       0
      Temps:          0       0
      Totals:         0       0
Total ram usage:        0 bytes
 Hardware stack levels used:    1
 This function calls:
		Nothing
 This function is called by:
		_ISR
 This function uses a non-reentrant model


 *************** function _BitIntr *****************
 Defined at:
		line 73 in file "user.c"
 Parameters:    Size  Location     Type
		None
 Auto vars:     Size  Location     Type
		None
 Return value:  Size  Location     Type
                  1    wreg      void 
 Registers used:
		wreg
 Tracked objects:
		On entry : 
		On exit  : 
		Unchanged: 
 Data sizes:     COMMON   BANK0
      Params:         0       0
      Locals:         0       0
      Temps:          0       0
      Totals:         0       0
Total ram usage:        0 bytes
 Hardware stack levels used:    1
 This function calls:
		Nothing
 This function is called by:
		_ISR
 This function uses a non-reentrant model



MODULE INFORMATION

Module		Function		Class		Link	Load	Size
interrupts.c
		_ISR           		CODE           	0141	0000	30

interrupts.c estimated size: 30

shared
		__initialization		CODE           	000C	0000	6

shared estimated size: 6

user.c
		_EdgeIntr      		CODE           	018C	0000	8
		_BitIntr       		CODE           	0179	0000	12
		_UARTInit      		CODE           	0193	0000	7
		_StartTickTimer		CODE           	00EF	0000	54
		_UARTSend      		CODE           	00B0	0000	64

user.c estimated size: 145

main.c
		_BitDataInit   		CODE           	015E	0000	28
		_main          		CODE           	0013	0000	158

main.c estimated size: 186

system.c
		_Initialise    		CODE           	0124	0000	30

system.c estimated size: 30

