Microchip MPLAB XC8 Compiler V2.00 ()

Linker command line:

-W-3 --edf=C:\Program Files (x86)\Microchip\xc8\v2.00\pic\dat\en_msgs.txt \
  -cs -h+dist/default/production\comms_module.X.production.sym \
  --cmf=dist/default/production\comms_module.X.production.cmf -z -Q16F630 \
  -oC:\Users\abaker\AppData\Local\Temp\s2rk.2 --defsym=__MPLAB_BUILD=1 \
  -Mdist/default/production/comms_module.X.production.map -E1 -ver=XC8 \
  --acfsm=1493 -ASTACK=035h-05dh -pstack=STACK -ACODE=00h-03FEh \
  -ASTRCODE=00h-03FEh -ASTRING=00h-0FFhx3,0300h-03FEh \
  -ACONST=00h-0FFhx3,0300h-03FEh -AENTRY=00h-0FFhx3,0300h-03FEh \
  -ABANK0=020h-05Dh -ARAM=020h-05Dh -AABS1=020h-05Fh -ACOMMON=05Eh-05Fh \
  -ASFR0=00h-01Fh -ASFR1=080h-0DDh \
  -preset_vec=00h,intentry=04h,init,end_init -ppowerup=CODE -pcinit=CODE \
  -pfunctab=ENTRY -ACONFIG=02007h-02007h -pconfig=CONFIG -DCONFIG=2 \
  -AIDLOC=02000h-02003h -pidloc=IDLOC -DIDLOC=2 -AEEDATA=00h-07Fh/02100h \
  -peeprom_data=EEDATA -DEEDATA=2 -posccal=03FFh -DCODE=2 -DSTRCODE=2 \
  -DSTRING=2 -DCONST=2 -DENTRY=2 -k \
  C:\Users\abaker\AppData\Local\Temp\s2rk.o \
  dist/default/production\comms_module.X.production.o 

Object code version is 3.11

Machine type is 16F630



                Name                               Link     Load   Length Selector   Space Scale
C:\Users\abaker\AppData\Local\Temp\s2rk.o
                end_init                              F        F        1        8       0
                reset_vec                             0        0        1        0       0
                config                             2007     2007        1     400E       0
dist/default/production\comms_module.X.production.o
                cinit                                10       10        D        8       0
                intentry                              4        4        B        8       0
                text7                                1D       1D       9E        8       0
                text6                               138      138        9        8       0
                text5                               14C      14C        1      290       0
                text4                               125      125       13        8       0
                text3                                BB       BB       2E        8       0
                text2                                E9       E9       24        8       0
                text1                               10D      10D       18        8       0
                maintext                            148      148        4      290       0
                cstackBANK0                          20       20        B       20       1
                bssBANK0                             2B       2B        A       20       1
                strings                             141      141        7      282       0

TOTAL           Name                               Link     Load   Length     Space
        CLASS   STACK          

        CLASS   CODE           
                end_init                              F        F        1         0
                cinit                                10       10        D         0
                intentry                              4        4        B         0
                reset_vec                             0        0        1         0
                text7                                1D       1D       9E         0
                text6                               138      138        9         0
                text5                               14C      14C        1         0
                text4                               125      125       13         0
                text3                                BB       BB       2E         0
                text2                                E9       E9       24         0
                text1                               10D      10D       18         0
                maintext                            148      148        4         0

        CLASS   STRCODE        

        CLASS   STRING         
                strings                             141      141        7         0

        CLASS   CONST          

        CLASS   ENTRY          

        CLASS   BANK0          
                cstackBANK0                          20       20        B         1
                bssBANK0                             2B       2B        A         1

        CLASS   RAM            

        CLASS   ABS1           
                abs_s1                               5E       5E        2         1

        CLASS   COMMON         

        CLASS   SFR0           

        CLASS   SFR1           

        CLASS   CONFIG         
                config                             2007     2007        1         0

        CLASS   IDLOC          

        CLASS   EEDATA         

        CLASS   BANK1          



SEGMENTS        Name                           Load    Length   Top    Selector   Space  Class     Delta

                reset_vec                      000000  000001  000001         0       0  CODE        2
                intentry                       000004  00013D  000141         8       0  CODE        2
                cstackBANK0                    000020  000015  000035        20       1  BANK0       1
                strings                        000141  000007  000148       282       0  STRING      2
                maintext                       000148  000005  00014D       290       0  CODE        2
                config                         002007  000001  002008      400E       0  CONFIG      2


UNUSED ADDRESS RANGES

        Name                Unused          Largest block    Delta
        BANK0            0035-005D             29           1
        CODE             0001-0003              3           2
                         014D-03FE            2B2
        CONST            0001-0003              3           2
                         014D-03FE            100
        EEDATA           2100-217F             80           2
        ENTRY            0001-0003              3           2
                         014D-03FE            100
        IDLOC            2000-2003              4           2
        RAM              0035-005D             29           1
        SFR0             0000-001F             20           1
        SFR1             0080-00DD             5E           1
        STACK            0035-005D             29           1
        STRCODE          0001-0003              3           2
                         014D-03FE            2B2
        STRING           0001-0003              3           2
                         014D-03FE            100

                                  Symbol Table

BitDataInit@Dummy        cstackBANK0  0028
BitDataInit@IntEnable    cstackBANK0  002A
BitDataInit@ModeTx       cstackBANK0  0029
BitIntr@Dummy            cstackBANK0  0021
StartTickTimer@IntEnable cstackBANK0  0020
_Addressed               bssBANK0     002B
_BOX_ADDRESS             strings      0147
_BitCount                bssBANK0     0032
_BitData                 bssBANK0     0033
_BitDataInit             text2        00E9
_BitIntr                 text7        001D
_BoxSize                 bssBANK0     002F
_CMCONbits               (abs)        0019
_Data                    bssBANK0     002D
_DataState               bssBANK0     002C
_EdgeIntr                text6        0138
_INTCONbits              (abs)        000B
_IOCAbits                (abs)        0096
_ISR                     text3        00BB
_Initialise              text1        010D
_Lamps                   bssBANK0     002E
_OPTION_REGbits          (abs)        0081
_PIR1bits                (abs)        000C
_PORTA                   (abs)        0005
_RA2                     (abs)        002A
_RC1                     (abs)        0039
_RC3                     (abs)        003B
_RC4                     (abs)        003C
_RC5                     (abs)        003D
_SendModule              text5        014C
_StartTickTimer          text4        0125
_T1CONbits               (abs)        0010
_TMR0                    (abs)        0001
_TMR1H                   (abs)        000F
_TMR1L                   (abs)        000E
_TRISAbits               (abs)        0085
_TRISCbits               (abs)        0087
_TickCount               bssBANK0     0034
__CFG_BOREN$OFF          (abs)        0000
__CFG_CP$OFF             (abs)        0000
__CFG_CPD$OFF            (abs)        0000
__CFG_FOSC$EC            (abs)        0000
__CFG_MCLRE$OFF          (abs)        0000
__CFG_PWRTE$OFF          (abs)        0000
__CFG_WDTE$OFF           (abs)        0000
__Habs1                  abs1         07FE
__Hbank0                 bank0        07FE
__Hbank1                 bank1        07FE
__HbssBANK0              bssBANK0     07FE
__Hcinit                 cinit        001D
__Hclrtext               clrtext      07FE
__Hcode                  code         07FE
__Hcommon                common       07FE
__Hconfig                config       2008
__HcstackBANK0           cstackBANK0  07FE
__HcstackCOMMON          cstackCOMMON 07FE
__Heeprom_data           eeprom_data  0000
__Hend_init              end_init     0010
__Hfunctab               functab      0000
__Hidloc                 idloc        0000
__Hinit                  init         000F
__Hintentry              intentry     000F
__Hmaintext              maintext     07FE
__Hosccal                osccal       03FF
__Hpowerup               powerup      0000
__Hram                   ram          07FE
__Hreset_vec             reset_vec    0001
__Hsfr0                  sfr0         07FE
__Hsfr1                  sfr1         07FE
__Hspace_0               (abs)        2008
__Hspace_1               (abs)        07FE
__Hspace_2               (abs)        0000
__Hspace_3               (abs)        0000
__Hstack                 stack        0000
__Hstrings               strings      07FE
__Htext                  text         07FE
__Labs1                  abs1         07FE
__Lbank0                 bank0        07FE
__Lbank1                 bank1        07FE
__LbssBANK0              bssBANK0     07FE
__Lcinit                 cinit        0010
__Lclrtext               clrtext      07FE
__Lcode                  code         07FE
__Lcommon                common       07FE
__Lconfig                config       2007
__LcstackBANK0           cstackBANK0  07FE
__LcstackCOMMON          cstackCOMMON 07FE
__Leeprom_data           eeprom_data  0000
__Lend_init              end_init     000F
__Lfunctab               functab      0000
__Lidloc                 idloc        0000
__Linit                  init         000F
__Lintentry              intentry     0004
__Lmaintext              maintext     07FE
__Losccal                osccal       03FF
__Lpowerup               powerup      0000
__Lram                   ram          07FE
__Lreset_vec             reset_vec    0000
__Lsfr0                  sfr0         07FE
__Lsfr1                  sfr1         07FE
__Lspace_0               (abs)        0000
__Lspace_1               (abs)        0000
__Lspace_2               (abs)        0000
__Lspace_3               (abs)        0000
__Lstack                 stack        0000
__Lstrings               strings      07FE
__Ltext                  text         07FE
__S0                     (abs)        2008
__S1                     (abs)        0035
__S2                     (abs)        0000
__S3                     (abs)        0000
___int_sp                stack        0000
___latbits               (abs)        0000
___osccal_val            osccal       03FF
___sp                    stack        0000
__end_of_BOX_ADDRESS     strings      0148
__end_of_BitDataInit     text2        010D
__end_of_BitIntr         text7        00BB
__end_of_EdgeIntr        text6        0141
__end_of_ISR             text3        00E9
__end_of_Initialise      text1        0125
__end_of_SendModule      text5        014D
__end_of_StartTickTimer  text4        0138
__end_of__initialization cinit        001B
__end_of__stringtab      strings      0147
__end_of_main            maintext     014C
__initialization         cinit        0010
__pbssBANK0              bssBANK0     002B
__pcstackBANK0           cstackBANK0  0020
__pcstackCOMMON          cstackCOMMON 0000
__pintentry              intentry     0004
__pmaintext              maintext     0148
__pstrings               strings      0141
__ptext1                 text1        010D
__ptext2                 text2        00E9
__ptext3                 text3        00BB
__ptext4                 text4        0125
__ptext5                 text5        014C
__ptext6                 text6        0138
__ptext7                 text7        001D
__size_of_BitDataInit    (abs)        0000
__size_of_BitIntr        (abs)        0000
__size_of_EdgeIntr       (abs)        0000
__size_of_ISR            (abs)        0000
__size_of_Initialise     (abs)        0000
__size_of_SendModule     (abs)        0000
__size_of_StartTickTimer (abs)        0000
__size_of_main           (abs)        0000
__stringbase             strings      0146
__stringtab              strings      0141
_main                    maintext     0148
btemp                    (abs)        005E
end_of_initialization    cinit        001B
interrupt_function       intentry     0004
intlevel0                functab      0000
intlevel1                functab      0000
intlevel2                functab      0000
intlevel3                functab      0000
intlevel4                functab      0000
intlevel5                functab      0000
reset_vec                reset_vec    0000
saved_w                  (abs)        005E
stackhi                  (abs)        0000
stacklo                  (abs)        0000
start                    init         000F
start_initialization     cinit        0010
wtemp0                   (abs)        005E


FUNCTION INFORMATION:

 *************** function _main *****************
 Defined at:
		line 7 in file "main.c"
 Parameters:    Size  Location     Type
		None
 Auto vars:     Size  Location     Type
		None
 Return value:  Size  Location     Type
                  1    wreg      void 
 Registers used:
		wreg, status,2, status,0, pclath, cstack
 Tracked objects:
		On entry : 
		On exit  : 
		Unchanged: 
 Data sizes:     COMMON   BANK0
      Params:         0       0
      Locals:         0       0
      Temps:          0       0
      Totals:         0       0
Total ram usage:        0 bytes
 Hardware stack levels required when called:    5
 This function calls:
		_Initialise
 This function is called by:
		Startup code after reset
 This function uses a non-reentrant model


 *************** function _Initialise *****************
 Defined at:
		line 14 in file "system.c"
 Parameters:    Size  Location     Type
		None
 Auto vars:     Size  Location     Type
		None
 Return value:  Size  Location     Type
                  1    wreg      void 
 Registers used:
		wreg, status,2, status,0, pclath, cstack
 Tracked objects:
		On entry : 
		On exit  : 
		Unchanged: 
 Data sizes:     COMMON   BANK0
      Params:         0       0
      Locals:         0       0
      Temps:          0       0
      Totals:         0       0
Total ram usage:        0 bytes
 Hardware stack levels used:    1
 Hardware stack levels required when called:    4
 This function calls:
		_BitDataInit
		_StartTickTimer
 This function is called by:
		_main
 This function uses a non-reentrant model


 *************** function _BitDataInit *****************
 Defined at:
		line 58 in file "user.c"
 Parameters:    Size  Location     Type
  ModeTx          1    wreg     unsigned char 
 Auto vars:     Size  Location     Type
  ModeTx          1    9[BANK0 ] unsigned char 
  IntEnable       1   10[BANK0 ] unsigned char 
  Dummy           1    8[BANK0 ] unsigned char 
 Return value:  Size  Location     Type
                  1    wreg      void 
 Registers used:
		wreg, status,2, status,0
 Tracked objects:
		On entry : 
		On exit  : 
		Unchanged: 
 Data sizes:     COMMON   BANK0
      Params:         0       0
      Locals:         0       3
      Temps:          0       1
      Totals:         0       4
Total ram usage:        4 bytes
 Hardware stack levels used:    1
 Hardware stack levels required when called:    3
 This function calls:
		Nothing
 This function is called by:
		_Initialise
 This function uses a non-reentrant model


 *************** function _ISR *****************
 Defined at:
		line 16 in file "interrupts.c"
 Parameters:    Size  Location     Type
		None
 Auto vars:     Size  Location     Type
		None
 Return value:  Size  Location     Type
                  1    wreg      void 
 Registers used:
		wreg, fsr0l, fsr0h, status,2, status,0, pclath, cstack
 Tracked objects:
		On entry : 
		On exit  : 
		Unchanged: 
 Data sizes:     COMMON   BANK0
      Params:         0       0
      Locals:         0       0
      Temps:          0       5
      Totals:         0       5
Total ram usage:        5 bytes
 Hardware stack levels used:    1
 Hardware stack levels required when called:    2
 This function calls:
		_BitIntr
		_EdgeIntr
		_SendModule
		_StartTickTimer
 This function is called by:
		Interrupt level 1
 This function uses a non-reentrant model


 *************** function _StartTickTimer *****************
 Defined at:
		line 36 in file "user.c"
 Parameters:    Size  Location     Type
		None
 Auto vars:     Size  Location     Type
  IntEnable       1    0[BANK0 ] unsigned char 
 Return value:  Size  Location     Type
                  1    wreg      void 
 Registers used:
		wreg, status,2, status,0
 Tracked objects:
		On entry : 
		On exit  : 
		Unchanged: 
 Data sizes:     COMMON   BANK0
      Params:         0       0
      Locals:         0       0
      Temps:          0       0
      Totals:         0       0
Total ram usage:        0 bytes
 Hardware stack levels used:    1
 Hardware stack levels required when called:    3
 This function calls:
		Nothing
 This function is called by:
		_Initialise
		_ISR
 This function uses a non-reentrant model


 *************** function _SendModule *****************
 Defined at:
		line 220 in file "user.c"
 Parameters:    Size  Location     Type
		None
 Auto vars:     Size  Location     Type
		None
 Return value:  Size  Location     Type
                  1    wreg      void 
 Registers used:
		None
 Tracked objects:
		On entry : 
		On exit  : 
		Unchanged: 
 Data sizes:     COMMON   BANK0
      Params:         0       0
      Locals:         0       0
      Temps:          0       0
      Totals:         0       0
Total ram usage:        0 bytes
 Hardware stack levels used:    1
 This function calls:
		Nothing
 This function is called by:
		_ISR
 This function uses a non-reentrant model


 *************** function _EdgeIntr *****************
 Defined at:
		line 100 in file "user.c"
 Parameters:    Size  Location     Type
		None
 Auto vars:     Size  Location     Type
		None
 Return value:  Size  Location     Type
                  1    wreg      void 
 Registers used:
		wreg
 Tracked objects:
		On entry : 
		On exit  : 
		Unchanged: 
 Data sizes:     COMMON   BANK0
      Params:         0       0
      Locals:         0       0
      Temps:          0       0
      Totals:         0       0
Total ram usage:        0 bytes
 Hardware stack levels used:    1
 This function calls:
		Nothing
 This function is called by:
		_ISR
 This function uses a non-reentrant model


 *************** function _BitIntr *****************
 Defined at:
		line 118 in file "user.c"
 Parameters:    Size  Location     Type
		None
 Auto vars:     Size  Location     Type
  Dummy           1    1[BANK0 ] unsigned char 
 Return value:  Size  Location     Type
                  1    wreg      void 
 Registers used:
		wreg, fsr0l, fsr0h, status,2, status,0, pclath
 Tracked objects:
		On entry : 
		On exit  : 
		Unchanged: 
 Data sizes:     COMMON   BANK0
      Params:         0       0
      Locals:         0       1
      Temps:          0       1
      Totals:         0       2
Total ram usage:        2 bytes
 Hardware stack levels used:    2
 This function calls:
		Nothing
 This function is called by:
		_ISR
 This function uses a non-reentrant model



MODULE INFORMATION

Module		Function		Class		Link	Load	Size
interrupts.c
		_ISR           		CODE           	00BB	0000	47

interrupts.c estimated size: 47

shared
		__stringtab    		STRING         	0141	0000	7
		__initialization		CODE           	0010	0000	12
		_BOX_ADDRESS   		STRING         	0147	0000	2

shared estimated size: 21

user.c
		_BitDataInit   		CODE           	00E9	0000	37
		_EdgeIntr      		CODE           	0138	0000	10
		_BitIntr       		CODE           	001D	0000	159
		_SendModule    		CODE           	014C	0000	2
		_StartTickTimer		CODE           	0125	0000	20

user.c estimated size: 228

main.c
		_main          		CODE           	0148	0000	5

main.c estimated size: 5

system.c
		_Initialise    		CODE           	010D	0000	25

system.c estimated size: 25

