Microchip MPLAB XC8 Compiler V2.00 ()

Linker command line:

-W-3 --edf=C:\Program Files (x86)\Microchip\xc8\v2.00\pic\dat\en_msgs.txt \
  -cs -h+dist/XC8_PIC16F876/production\controller.X.production.sym \
  --cmf=dist/XC8_PIC16F876/production\controller.X.production.cmf -z \
  -Q16F876 -oC:\Users\abaker\AppData\Local\Temp\s4q4.2 \
  --defsym=__MPLAB_BUILD=1 \
  -Mdist/XC8_PIC16F876/production/controller.X.production.map -E1 -ver=XC8 \
  --acfsm=1493 -ASTACK=0110h-016fh -pstack=STACK -ACODE=00h-07FFhx4 \
  -ASTRCODE=00h-01FFFh -ASTRING=00h-0FFhx32 -ACONST=00h-0FFhx32 \
  -AENTRY=00h-0FFhx32 -ACOMMON=070h-07Fh -ABANK0=020h-06Fh \
  -ABANK1=0A0h-0EFh -ABANK2=0110h-016Fh -ABANK3=0190h-01EFh \
  -ARAM=020h-06Fh,0A0h-0EFh,0110h-016Fh,0190h-01EFh \
  -AABS1=020h-07Fh,0A0h-0EFh,0110h-016Fh,0190h-01EFh -ASFR0=00h-01Fh \
  -ASFR1=080h-09Fh -ASFR2=0100h-010Fh -ASFR3=0180h-018Fh \
  -preset_vec=00h,intentry=04h,init,end_init -ppowerup=CODE -pcinit=CODE \
  -pfunctab=ENTRY -ACONFIG=02007h-02007h -pconfig=CONFIG -DCONFIG=2 \
  -AIDLOC=02000h-02003h -pidloc=IDLOC -DIDLOC=2 -AEEDATA=00h-0FFh/02100h \
  -peeprom_data=EEDATA -DEEDATA=2 -DCODE=2 -DSTRCODE=2 -DSTRING=2 -DCONST=2 \
  -DENTRY=2 -k C:\Users\abaker\AppData\Local\Temp\s4q4.o \
  dist/XC8_PIC16F876/production\controller.X.production.o 

Object code version is 3.11

Machine type is 16F876



                Name                               Link     Load   Length Selector   Space Scale
C:\Users\abaker\AppData\Local\Temp\s4q4.o
                end_init                              C        C        3        8       0
                reset_vec                             0        0        3        0       0
                config                             2007     2007        1     400E       0
dist/XC8_PIC16F876/production\controller.X.production.o
                cinit                                 F        F       17        8       0
                intentry                              4        4        8        8       0
                text8                                26       26       BF        8       0
                text7                               216      216        5        8       0
                text6                               1FE      1FE       18        8       0
                text5                               1AA      1AA       21        8       0
                text4                               185      185       25        8       0
                text3                               1CB      1CB       1B        8       0
                text2                               15A      15A       2B        8       0
                text1                               1E6      1E6       18        8       0
                maintext                             E5       E5       75        8       0
                cstackBANK0                          2C       2C        B       20       1
                cstackCOMMON                         75       75        5       70       1
                bssBANK0                             20       20        C       20       1
                bssCOMMON                            70       70        5       70       1

TOTAL           Name                               Link     Load   Length     Space
        CLASS   STACK          

        CLASS   CODE           
                end_init                              C        C        3         0
                cinit                                 F        F       17         0
                intentry                              4        4        8         0
                reset_vec                             0        0        3         0
                text8                                26       26       BF         0
                text7                               216      216        5         0
                text6                               1FE      1FE       18         0
                text5                               1AA      1AA       21         0
                text4                               185      185       25         0
                text3                               1CB      1CB       1B         0
                text2                               15A      15A       2B         0
                text1                               1E6      1E6       18         0
                maintext                             E5       E5       75         0

        CLASS   STRCODE        

        CLASS   STRING         

        CLASS   CONST          

        CLASS   ENTRY          

        CLASS   COMMON         
                cstackCOMMON                         75       75        5         1
                bssCOMMON                            70       70        5         1

        CLASS   BANK0          
                cstackBANK0                          2C       2C        B         1
                bssBANK0                             20       20        C         1

        CLASS   BANK1          

        CLASS   BANK2          

        CLASS   BANK3          

        CLASS   RAM            

        CLASS   ABS1           
                abs_s1                               7E       7E        2         1

        CLASS   SFR0           

        CLASS   SFR1           

        CLASS   SFR2           

        CLASS   SFR3           

        CLASS   CONFIG         
                config                             2007     2007        1         0

        CLASS   IDLOC          

        CLASS   EEDATA         



SEGMENTS        Name                           Load    Length   Top    Selector   Space  Class     Delta

                reset_vec                      000000  000003  000003         0       0  CODE        2
                intentry                       000004  000217  00021B         8       0  CODE        2
                bssBANK0                       000020  000017  000037        20       1  BANK0       1
                bssCOMMON                      000070  00000A  00007A        70       1  COMMON      1
                config                         002007  000001  002008      400E       0  CONFIG      2


UNUSED ADDRESS RANGES

        Name                Unused          Largest block    Delta
        BANK0            0037-006F             39           1
        BANK1            00A0-00EF             50           1
        BANK2            0110-016F             60           1
        BANK3            0190-01EF             60           1
        CODE             0003-0003              1           2
                         021B-1FFF            800
        COMMON           007A-007D              4           1
        CONST            0003-0003              1           2
                         021B-1FFF            100
        EEDATA           2100-21FF            100           2
        ENTRY            0003-0003              1           2
                         021B-1FFF            100
        IDLOC            2000-2003              4           2
        RAM              0037-006F             39           1
                         00A0-00EF             50
                         0110-016F             60
                         0190-01EF             60
        SFR0             0000-001F             20           1
        SFR1             0080-009F             20           1
        SFR2             0100-010F             10           1
        SFR3             0180-018F             10           1
        STACK            0110-016F             60           1
        STRCODE          0003-0003              1           2
                         021B-1FFF           1DE5
        STRING           0003-0003              1           2
                         021B-1FFF            100

                                  Symbol Table

BitUpdate@DataByte       cstackCOMMON 0076
BitUpdate@DataMask       cstackCOMMON 0077
SetUnitConfig@Address    cstackBANK0  0030
SetUnitConfig@Lamps      cstackBANK0  0031
SetUnitConfig@Unit       cstackBANK0  0034
SetUnitLamps@LampData    cstackBANK0  0030
SetUnitLamps@Unit        cstackBANK0  0033
TimeUpdate@Count         bssCOMMON    0070
_ADCON1bits              (abs)        009F
_BitUpdate               text8        0026
_Configure               text4        0185
_DataMode                bssCOMMON    0073
_INTCONbits              (abs)        000B
_OPTION_REGbits          (abs)        0081
_PIE1bits                (abs)        008C
_PIR1bits                (abs)        000C
_PORTAbits               (abs)        0005
_PR2                     (abs)        0092
_RA0                     (abs)        0028
_RC1                     (abs)        0039
_SerialModeTx            bssCOMMON    0072
_SetUnitConfig           text2        015A
_SetUnitLamps            text1        01E6
_StartTx                 text7        0216
_T2CONbits               (abs)        0012
_TMR0                    (abs)        0001
_TRISAbits               (abs)        0085
_TimeUpdate              text6        01FE
_TxMode                  bssCOMMON    0074
_Units                   bssBANK0     0020
__CFG_BOREN$ON           (abs)        0000
__CFG_CP$OFF             (abs)        0000
__CFG_CPD$OFF            (abs)        0000
__CFG_FOSC$HS            (abs)        0000
__CFG_LVP$OFF            (abs)        0000
__CFG_PWRTE$OFF          (abs)        0000
__CFG_WDTE$OFF           (abs)        0000
__CFG_WRT$ON             (abs)        0000
__Habs1                  abs1         0000
__Hbank0                 bank0        0000
__Hbank1                 bank1        0000
__Hbank2                 bank2        0000
__Hbank3                 bank3        0000
__HbssBANK0              bssBANK0     0000
__HbssCOMMON             bssCOMMON    0000
__Hcinit                 cinit        0026
__Hclrtext               clrtext      0000
__Hcode                  code         0000
__Hcommon                common       0000
__Hconfig                config       2008
__HcstackBANK0           cstackBANK0  0000
__HcstackCOMMON          cstackCOMMON 0000
__Heeprom_data           eeprom_data  0000
__Hend_init              end_init     000F
__Hfunctab               functab      0000
__Hidloc                 idloc        0000
__Hinit                  init         000C
__Hintentry              intentry     000C
__Hmaintext              maintext     0000
__Hpowerup               powerup      0000
__Hram                   ram          0000
__Hreset_vec             reset_vec    0003
__Hsfr0                  sfr0         0000
__Hsfr1                  sfr1         0000
__Hsfr2                  sfr2         0000
__Hsfr3                  sfr3         0000
__Hspace_0               (abs)        2008
__Hspace_1               (abs)        007A
__Hspace_2               (abs)        0000
__Hspace_3               (abs)        0000
__Hstack                 stack        0000
__Hstrings               strings      0000
__Htext                  text         0000
__Labs1                  abs1         0000
__Lbank0                 bank0        0000
__Lbank1                 bank1        0000
__Lbank2                 bank2        0000
__Lbank3                 bank3        0000
__LbssBANK0              bssBANK0     0000
__LbssCOMMON             bssCOMMON    0000
__Lcinit                 cinit        000F
__Lclrtext               clrtext      0000
__Lcode                  code         0000
__Lcommon                common       0000
__Lconfig                config       2007
__LcstackBANK0           cstackBANK0  0000
__LcstackCOMMON          cstackCOMMON 0000
__Leeprom_data           eeprom_data  0000
__Lend_init              end_init     000C
__Lfunctab               functab      0000
__Lidloc                 idloc        0000
__Linit                  init         000C
__Lintentry              intentry     0004
__Lmaintext              maintext     0000
__Lpowerup               powerup      0000
__Lram                   ram          0000
__Lreset_vec             reset_vec    0000
__Lsfr0                  sfr0         0000
__Lsfr1                  sfr1         0000
__Lsfr2                  sfr2         0000
__Lsfr3                  sfr3         0000
__Lspace_0               (abs)        0000
__Lspace_1               (abs)        0000
__Lspace_2               (abs)        0000
__Lspace_3               (abs)        0000
__Lstack                 stack        0000
__Lstrings               strings      0000
__Ltext                  text         0000
__S0                     (abs)        2008
__S1                     (abs)        007A
__S2                     (abs)        0000
__S3                     (abs)        0000
___bmul                  text3        01CB
___bmul@multiplicand     cstackBANK0  002C
___bmul@multiplier       cstackBANK0  002F
___bmul@product          cstackBANK0  002E
___int_sp                stack        0000
___latbits               (abs)        0002
___sp                    stack        0000
__end_of_BitUpdate       text8        00E5
__end_of_Configure       text4        01AA
__end_of_SetUnitConfig   text2        0185
__end_of_SetUnitLamps    text1        01FE
__end_of_StartTx         text7        021B
__end_of_TimeUpdate      text6        0216
__end_of___bmul          text3        01E6
__end_of__initialization cinit        0022
__end_of_isr             text5        01CB
__end_of_main            maintext     015A
__initialization         cinit        000F
__pbssBANK0              bssBANK0     0020
__pbssCOMMON             bssCOMMON    0070
__pcstackBANK0           cstackBANK0  002C
__pcstackCOMMON          cstackCOMMON 0075
__pintentry              intentry     0004
__pmaintext              maintext     00E5
__ptext1                 text1        01E6
__ptext2                 text2        015A
__ptext3                 text3        01CB
__ptext4                 text4        0185
__ptext5                 text5        01AA
__ptext6                 text6        01FE
__ptext7                 text7        0216
__ptext8                 text8        0026
__size_of_BitUpdate      (abs)        0000
__size_of_Configure      (abs)        0000
__size_of_SetUnitConfig  (abs)        0000
__size_of_SetUnitLamps   (abs)        0000
__size_of_StartTx        (abs)        0000
__size_of_TimeUpdate     (abs)        0000
__size_of___bmul         (abs)        0000
__size_of_isr            (abs)        0000
__size_of_main           (abs)        0000
_isr                     text5        01AA
_main                    maintext     00E5
btemp                    (abs)        007E
end_of_initialization    cinit        0022
interrupt_function       intentry     0004
intlevel0                functab      0000
intlevel1                functab      0000
intlevel2                functab      0000
intlevel3                functab      0000
intlevel4                functab      0000
intlevel5                functab      0000
reset_vec                reset_vec    0000
saved_w                  (abs)        007E
stackhi                  (abs)        0000
stacklo                  (abs)        0000
start                    init         000C
start_initialization     cinit        000F
wtemp0                   (abs)        007E


FUNCTION INFORMATION:

 *************** function _main *****************
 Defined at:
		line 22 in file "main.c"
 Parameters:    Size  Location     Type
		None
 Auto vars:     Size  Location     Type
		None
 Return value:  Size  Location     Type
                  1    wreg      void 
 Registers used:
		wreg, fsr0l, fsr0h, status,2, status,0, pclath, cstack
 Tracked objects:
		On entry : 
		On exit  : 
		Unchanged: 
 Data sizes:     COMMON   BANK0   BANK1   BANK3   BANK2
      Params:         0       0       0       0       0
      Locals:         0       0       0       0       0
      Temps:          0       2       0       0       0
      Totals:         0       2       0       0       0
Total ram usage:        2 bytes
 Hardware stack levels required when called:    5
 This function calls:
		_Configure
		_SetUnitConfig
		_SetUnitLamps
 This function is called by:
		Startup code after reset
 This function uses a non-reentrant model


 *************** function _SetUnitLamps *****************
 Defined at:
		line 163 in file "user.c"
 Parameters:    Size  Location     Type
  Unit            1    wreg     unsigned char 
  LampData        1    4[BANK0 ] unsigned char 
 Auto vars:     Size  Location     Type
  Unit            1    7[BANK0 ] unsigned char 
 Return value:  Size  Location     Type
                  1    wreg      void 
 Registers used:
		wreg, fsr0l, fsr0h, status,2, status,0, pclath, cstack
 Tracked objects:
		On entry : 
		On exit  : 
		Unchanged: 
 Data sizes:     COMMON   BANK0   BANK1   BANK3   BANK2
      Params:         0       1       0       0       0
      Locals:         0       1       0       0       0
      Temps:          0       2       0       0       0
      Totals:         0       4       0       0       0
Total ram usage:        4 bytes
 Hardware stack levels used:    1
 Hardware stack levels required when called:    4
 This function calls:
		___bmul
 This function is called by:
		_main
 This function uses a non-reentrant model


 *************** function _SetUnitConfig *****************
 Defined at:
		line 157 in file "user.c"
 Parameters:    Size  Location     Type
  Unit            1    wreg     unsigned char 
  Address         1    4[BANK0 ] unsigned char 
  Lamps           1    5[BANK0 ] unsigned char 
 Auto vars:     Size  Location     Type
  Unit            1    8[BANK0 ] unsigned char 
 Return value:  Size  Location     Type
                  1    wreg      void 
 Registers used:
		wreg, fsr0l, fsr0h, status,2, status,0, pclath, cstack
 Tracked objects:
		On entry : 
		On exit  : 
		Unchanged: 
 Data sizes:     COMMON   BANK0   BANK1   BANK3   BANK2
      Params:         0       2       0       0       0
      Locals:         0       1       0       0       0
      Temps:          0       2       0       0       0
      Totals:         0       5       0       0       0
Total ram usage:        5 bytes
 Hardware stack levels used:    1
 Hardware stack levels required when called:    4
 This function calls:
		___bmul
 This function is called by:
		_main
 This function uses a non-reentrant model


 *************** function ___bmul *****************
 Defined at:
		line 4 in file "C:\Program Files (x86)\Microchip\xc8\v2.00\pic\sources\c90\common\Umul8.c"
 Parameters:    Size  Location     Type
  multiplier      1    wreg     unsigned char 
  multiplicand    1    0[BANK0 ] unsigned char 
 Auto vars:     Size  Location     Type
  multiplier      1    3[BANK0 ] unsigned char 
  product         1    2[BANK0 ] unsigned char 
 Return value:  Size  Location     Type
                  1    wreg      unsigned char 
 Registers used:
		wreg, status,2, status,0
 Tracked objects:
		On entry : 
		On exit  : 
		Unchanged: 
 Data sizes:     COMMON   BANK0   BANK1   BANK3   BANK2
      Params:         0       1       0       0       0
      Locals:         0       2       0       0       0
      Temps:          0       1       0       0       0
      Totals:         0       4       0       0       0
Total ram usage:        4 bytes
 Hardware stack levels used:    1
 Hardware stack levels required when called:    3
 This function calls:
		Nothing
 This function is called by:
		_SetUnitConfig
		_SetUnitLamps
 This function uses a non-reentrant model


 *************** function _Configure *****************
 Defined at:
		line 12 in file "system.c"
 Parameters:    Size  Location     Type
		None
 Auto vars:     Size  Location     Type
		None
 Return value:  Size  Location     Type
                  1    wreg      void 
 Registers used:
		wreg, status,2, status,0
 Tracked objects:
		On entry : 
		On exit  : 
		Unchanged: 
 Data sizes:     COMMON   BANK0   BANK1   BANK3   BANK2
      Params:         0       0       0       0       0
      Locals:         0       0       0       0       0
      Temps:          0       0       0       0       0
      Totals:         0       0       0       0       0
Total ram usage:        0 bytes
 Hardware stack levels used:    1
 Hardware stack levels required when called:    3
 This function calls:
		Nothing
 This function is called by:
		_main
 This function uses a non-reentrant model


 *************** function _isr *****************
 Defined at:
		line 17 in file "interrupts.c"
 Parameters:    Size  Location     Type
		None
 Auto vars:     Size  Location     Type
		None
 Return value:  Size  Location     Type
                  1    wreg      void 
 Registers used:
		wreg, status,2, status,0, pclath, cstack
 Tracked objects:
		On entry : 
		On exit  : 
		Unchanged: 
 Data sizes:     COMMON   BANK0   BANK1   BANK3   BANK2
      Params:         0       0       0       0       0
      Locals:         0       0       0       0       0
      Temps:          2       0       0       0       0
      Totals:         2       0       0       0       0
Total ram usage:        2 bytes
 Hardware stack levels used:    1
 Hardware stack levels required when called:    2
 This function calls:
		_BitUpdate
		_TimeUpdate
 This function is called by:
		Interrupt level 1
 This function uses a non-reentrant model


 *************** function _TimeUpdate *****************
 Defined at:
		line 43 in file "user.c"
 Parameters:    Size  Location     Type
		None
 Auto vars:     Size  Location     Type
		None
 Return value:  Size  Location     Type
                  1    wreg      void 
 Registers used:
		wreg, status,2, status,0, pclath, cstack
 Tracked objects:
		On entry : 
		On exit  : 
		Unchanged: 
 Data sizes:     COMMON   BANK0   BANK1   BANK3   BANK2
      Params:         0       0       0       0       0
      Locals:         0       0       0       0       0
      Temps:          1       0       0       0       0
      Totals:         1       0       0       0       0
Total ram usage:        1 bytes
 Hardware stack levels used:    1
 Hardware stack levels required when called:    1
 This function calls:
		_StartTx
 This function is called by:
		_isr
 This function uses a non-reentrant model


 *************** function _StartTx *****************
 Defined at:
		line 169 in file "user.c"
 Parameters:    Size  Location     Type
		None
 Auto vars:     Size  Location     Type
		None
 Return value:  Size  Location     Type
                  1    wreg      void 
 Registers used:
		None
 Tracked objects:
		On entry : 
		On exit  : 
		Unchanged: 
 Data sizes:     COMMON   BANK0   BANK1   BANK3   BANK2
      Params:         0       0       0       0       0
      Locals:         0       0       0       0       0
      Temps:          0       0       0       0       0
      Totals:         0       0       0       0       0
Total ram usage:        0 bytes
 Hardware stack levels used:    1
 This function calls:
		Nothing
 This function is called by:
		_TimeUpdate
 This function uses a non-reentrant model


 *************** function _BitUpdate *****************
 Defined at:
		line 58 in file "user.c"
 Parameters:    Size  Location     Type
		None
 Auto vars:     Size  Location     Type
  DataMask        1    2[COMMON] unsigned char 
  DataByte        1    1[COMMON] unsigned char 
 Return value:  Size  Location     Type
                  1    wreg      void 
 Registers used:
		wreg, status,2, status,0
 Tracked objects:
		On entry : 
		On exit  : 
		Unchanged: 
 Data sizes:     COMMON   BANK0   BANK1   BANK3   BANK2
      Params:         0       0       0       0       0
      Locals:         2       0       0       0       0
      Temps:          1       0       0       0       0
      Totals:         3       0       0       0       0
Total ram usage:        3 bytes
 Hardware stack levels used:    1
 This function calls:
		Nothing
 This function is called by:
		_isr
 This function uses a non-reentrant model



MODULE INFORMATION

Module		Function		Class		Link	Load	Size
interrupts.c
		_isr           		CODE           	01AA	0000	34

interrupts.c estimated size: 34

C:\Program Files (x86)\Microchip\xc8\v2.00\pic\sources\c90\common\Umul8.c
		___bmul        		CODE           	01CB	0000	28

C:\Program Files (x86)\Microchip\xc8\v2.00\pic\sources\c90\common\Umul8.c estimated size: 28

shared
		__initialization		CODE           	000F	0000	20

shared estimated size: 20

user.c
		_SetUnitLamps  		CODE           	01E6	0000	25
		_SetUnitConfig 		CODE           	015A	0000	44
		_TimeUpdate    		CODE           	01FE	0000	25
		_BitUpdate     		CODE           	0026	0000	192
		_StartTx       		CODE           	0216	0000	6

user.c estimated size: 292

main.c
		_main          		CODE           	00E5	0000	118

main.c estimated size: 118

system.c
		_Configure     		CODE           	0185	0000	38

system.c estimated size: 38

